✔ [8248/8270] Built Resonance.Collision (2.4s)
✔ [8249/8270] Built Resonance.PinnedGeometry (8.1s)
✔ [8250/8270] Built Resonance.PinnedCharts (3.8s)
✔ [8251/8270] Built Resonance.PinnedJacobian (3.2s)
✔ [8252/8270] Built Resonance.PinnedElimination (3.4s)
✔ [8253/8270] Built Resonance.PinnedODE (3.4s)
✔ [8254/8270] Built Resonance.PinnedMeasure (4.0s)
✔ [8255/8270] Built Resonance.PinnedPeriodicity (3.3s)
✔ [8256/8270] Built Resonance.PinnedSmoothing (5.1s)
✔ [8257/8270] Built Resonance.PinnedClassification (5.8s)
✔ [8258/8270] Built Resonance.PinnedMeasureNormalization (2.9s)
✔ [8259/8270] Built Resonance.PinnedMeasurable (4.8s)
✔ [8260/8270] Built Resonance.PinnedAveraging (3.1s)
✔ [8261/8270] Built Resonance.PinnedLocalSmooth (3.4s)
✔ [8262/8270] Built Resonance.PinnedRepresentatives (3.4s)
✔ [8263/8270] Built Resonance.PinnedGlobalRegularity (2.8s)
✔ [8264/8270] Built Resonance.PinnedCircleAE (2.8s)
✔ [8265/8270] Built Resonance.PinnedInvariantTransfer (3.2s)
✔ [8266/8270] Built Resonance.PinnedAERegularity (2.8s)
✔ [8267/8270] Built Resonance.PinnedEndToEnd (2.8s)
✔ [8268/8270] Built Resonance.PinnedClassificationFinal (3.2s)
✔ [8269/8270] Built Resonance (2.5s)
Build completed successfully (8270 jobs).
